mode: set
github.com/ElliottCepin/go-sqlite-pastebin/internal/server/server.go:30.70,31.26 1 1
github.com/ElliottCepin/go-sqlite-pastebin/internal/server/server.go:31.26,34.3 2 0
github.com/ElliottCepin/go-sqlite-pastebin/internal/server/server.go:36.2,37.40 2 1
github.com/ElliottCepin/go-sqlite-pastebin/internal/server/server.go:37.40,40.3 2 0
github.com/ElliottCepin/go-sqlite-pastebin/internal/server/server.go:42.2,46.16 4 1
github.com/ElliottCepin/go-sqlite-pastebin/internal/server/server.go:46.16,49.3 2 0
github.com/ElliottCepin/go-sqlite-pastebin/internal/server/server.go:51.2,56.16 2 1
github.com/ElliottCepin/go-sqlite-pastebin/internal/server/server.go:56.16,59.3 2 0
github.com/ElliottCepin/go-sqlite-pastebin/internal/server/server.go:63.2,63.56 1 1
github.com/ElliottCepin/go-sqlite-pastebin/internal/server/server.go:66.28,71.2 4 1
github.com/ElliottCepin/go-sqlite-pastebin/internal/server/server.go:73.73,74.25 1 1
github.com/ElliottCepin/go-sqlite-pastebin/internal/server/server.go:74.25,77.3 2 0
github.com/ElliottCepin/go-sqlite-pastebin/internal/server/server.go:79.2,82.18 3 1
github.com/ElliottCepin/go-sqlite-pastebin/internal/server/server.go:82.18,85.3 2 1
github.com/ElliottCepin/go-sqlite-pastebin/internal/server/server.go:87.2,88.31 2 1
github.com/ElliottCepin/go-sqlite-pastebin/internal/server/server.go:92.71,93.28 1 1
github.com/ElliottCepin/go-sqlite-pastebin/internal/server/server.go:93.28,96.3 2 0
github.com/ElliottCepin/go-sqlite-pastebin/internal/server/server.go:98.2,101.18 3 1
github.com/ElliottCepin/go-sqlite-pastebin/internal/server/server.go:101.18,104.3 2 0
github.com/ElliottCepin/go-sqlite-pastebin/internal/server/server.go:106.2,106.37 1 1
github.com/ElliottCepin/go-sqlite-pastebin/internal/server/server.go:109.42,115.2 5 1
github.com/ElliottCepin/go-sqlite-pastebin/internal/store/memory.go:14.38,20.2 2 1
github.com/ElliottCepin/go-sqlite-pastebin/internal/store/memory.go:22.85,26.10 4 1
github.com/ElliottCepin/go-sqlite-pastebin/internal/store/memory.go:26.10,28.3 1 1
github.com/ElliottCepin/go-sqlite-pastebin/internal/store/memory.go:30.2,31.12 2 1
github.com/ElliottCepin/go-sqlite-pastebin/internal/store/memory.go:34.77,39.11 4 1
github.com/ElliottCepin/go-sqlite-pastebin/internal/store/memory.go:39.11,41.3 1 1
github.com/ElliottCepin/go-sqlite-pastebin/internal/store/memory.go:43.2,43.15 1 1
github.com/ElliottCepin/go-sqlite-pastebin/internal/store/memory.go:48.70,55.2 4 1
github.com/ElliottCepin/go-sqlite-pastebin/internal/store/persistent.go:19.60,24.18 4 1
github.com/ElliottCepin/go-sqlite-pastebin/internal/store/persistent.go:24.18,26.3 1 0
github.com/ElliottCepin/go-sqlite-pastebin/internal/store/persistent.go:28.2,36.18 3 1
github.com/ElliottCepin/go-sqlite-pastebin/internal/store/persistent.go:36.18,38.3 1 0
github.com/ElliottCepin/go-sqlite-pastebin/internal/store/persistent.go:40.2,44.15 4 1
github.com/ElliottCepin/go-sqlite-pastebin/internal/store/persistent.go:47.85,53.18 4 1
github.com/ElliottCepin/go-sqlite-pastebin/internal/store/persistent.go:53.18,55.3 1 1
github.com/ElliottCepin/go-sqlite-pastebin/internal/store/persistent.go:57.2,59.18 2 1
github.com/ElliottCepin/go-sqlite-pastebin/internal/store/persistent.go:59.18,61.3 1 0
github.com/ElliottCepin/go-sqlite-pastebin/internal/store/persistent.go:63.2,63.17 1 1
github.com/ElliottCepin/go-sqlite-pastebin/internal/store/persistent.go:63.17,65.3 1 0
github.com/ElliottCepin/go-sqlite-pastebin/internal/store/persistent.go:67.2,67.12 1 1
github.com/ElliottCepin/go-sqlite-pastebin/internal/store/persistent.go:70.77,76.18 6 1
github.com/ElliottCepin/go-sqlite-pastebin/internal/store/persistent.go:76.18,78.3 1 1
github.com/ElliottCepin/go-sqlite-pastebin/internal/store/persistent.go:80.2,80.19 1 1
github.com/ElliottCepin/go-sqlite-pastebin/internal/store/persistent.go:80.19,82.3 1 0
github.com/ElliottCepin/go-sqlite-pastebin/internal/store/persistent.go:84.2,84.17 1 1
github.com/ElliottCepin/go-sqlite-pastebin/internal/store/persistent.go:87.70,92.18 4 1
github.com/ElliottCepin/go-sqlite-pastebin/internal/store/persistent.go:92.18,94.3 1 0
github.com/ElliottCepin/go-sqlite-pastebin/internal/store/persistent.go:96.2,96.12 1 1
